only testing
predictions = cluster.predict
Num weight bits = 18
learning rate = 0.5
initial_t = 0
power_t = 0.5
using no cache
Reading datafile = test-sets/0001.dat
num sources = 1
average  since         example        example  current  current  current
loss     last          counter         weight    label  predict features
0.291545 0.291545            1            1.0   0.0000   0.5399       41
0.145773 0.000000            2            2.0   1.0000   1.0000       75
0.121060 0.096347            4            4.0   0.0000   0.3195       44
0.167367 0.213675            8            8.0   0.0000   0.4386       42
0.164803 0.162239           16           16.0   1.0000   1.0000       34
0.117175 0.069546           32           32.0   0.0000   0.4537      210
0.072070 0.026965           64           64.0   1.0000   0.9869       25

finished run
number of examples = 100
weighted example sum = 100.000000
weighted label sum = 57.000000
average loss = 0.052791
best constant = 0.570000
best constant's loss = 0.245100
total feature number = 5069
