Starting spanning_tree: ../build/cluster/spanning_tree --nondaemon
Starting: /usr/local/bin/vw --span_server localhost --total 2 --node 0 --unique_id 1234 -d test-sets/0001.dat
Starting: /usr/local/bin/vw --span_server localhost --total 2 --node 1 --unique_id 1234 -d test-sets/0002.dat -f final.model
VW succeeded
VW succeeded
Running test on produced model...
Running: /usr/local/bin/vw -d test-sets/0001.dat -i final.model -t -p cluster.predict
