Num weight bits = 18
learning rate = 0.5
initial_t = 0
power_t = 0.5
using no cache
Reading datafile = 
num sources = 1
Enabled reductions: gd, scorer, csoaa, cb
average  since         example        example  current  current  current
loss     last          counter         weight    label  predict features

finished run
number of examples = 9
weighted example sum = 9.000000
weighted label sum = 0.000000
average loss = 1.952381
total feature number = 28
