Enabling FTRL based optimization
Algorithm used: Coin Betting
ftrl_alpha = 4
ftrl_beta = 1
Num weight bits = 18
learning rate = 0.5
initial_t = 0
power_t = 0.5
using no cache
Reading datafile = train-sets/regression/cbify-reg.dat
num sources = 1
Enabled reductions: ftrl, scorer, binary, cats_tree, get_pmf, pmf_to_pdf, cb_explore_pdf, cats_pdf, sample_pdf, cats, cbify
average  since         example        example  current  current  current
loss     last          counter         weight    label  predict features
0.155230 0.155230            1            1.0 3879.0000 188.5713       10
0.161898 0.168566            2            2.0 16123.0000 12115.5234       10
0.202627 0.243356            4            4.0 4213.0000 11412.3047       10
0.219796 0.236965            8            8.0 7932.0000 16733.8242       10
0.198111 0.176426           16           16.0 8574.0000 6209.9224       10
0.198856 0.199602           32           32.0 15481.0000 10122.5020       10

finished run
number of examples = 50
weighted example sum = 50.000000
weighted label sum = 531947.377945
average loss = 0.216578
best constant = 10638.947266
total feature number = 500
Learn() count per node: id=0, #l=13; id=1, #l=0; id=2, #l=0; 
