Traceback (most recent call last):
  File "./cluster_test.py", line 19, in <module>
    spanning_tree_proc = subprocess.Popen(spanning_tree_args, stdout=subprocess.PIPE, stderr=subprocess.PIPE)
  File "/usr/lib/python3.8/subprocess.py", line 854, in __init__
    self._execute_child(args, executable, preexec_fn, close_fds,
  File "/usr/lib/python3.8/subprocess.py", line 1702, in _execute_child
    raise child_exception_type(errno_num, err_msg, err_filename)
FileNotFoundError: [Errno 2] No such file or directory: '../build/cluster/spanning_tree'
