Starting spanning_tree with args: --nondaemon -p 26545
