creating quadratic features for pairs: st
Num weight bits = 18
learning rate = 0.5
initial_t = 0
power_t = 0.5
decay_learning_rate = 1
creating cache_file = test/train-sets/library_train.cache
Reading datafile = test/train-sets/library_train
num sources = 1
average  since         example        example  current  current  current
loss     last          counter         weight    label  predict features
0
        s^p^the_man:3563:1:0@0  s^w^the:145229:1:0@0    s^w^man:31316:1:0@0     t^p^un_homme:68438:1:0@0        t^w^un:149058:1:0@0     t^w^homme:25913:1:0@0   Constant:116060:1:0@0   s^p^the_man*t^p^un_homme:58279:1:0@0    s^p^the_man*t^w^un:241331:1:0@0 s^p^the_man*t^w^homme:101832:1:0@0      s^w^the*t^p^un_homme:1377:1:0@0 s^w^the*t^w^un:215157:1:0@0    s^w^the*t^w^homme:92942:1:0@0    s^w^man*t^p^un_homme:104810:1:0@0       s^w^man*t^w^un:185470:1:0@0     s^w^man*t^w^homme:63237:1:0@0
1.000000 1.000000            1            1.0   1.0000   0.0000       16
0.432299
        s^p^the_man:3563:1:0.0540374@4  s^w^the:145229:1:0.0540374@4    s^w^man:31316:1:0.0540374@4     t^w^homme:25913:1:0.0540374@4   Constant:116060:1:0.0540374@4   s^p^the_man*t^w^homme:101832:1:0.0540374@4      s^w^the*t^w^homme:92942:1:0.0540374@4   s^w^man*t^w^homme:63237:1:0.0540374@4   t^p^le_homme:73877:1:0@0        t^w^le:112588:1:0@0     s^p^the_man*t^p^le_homme:51300:1:0@0    s^p^the_man*t^w^le:24381:1:0@0  s^w^the*t^p^le_homme:11938:1:0@0        s^w^the*t^w^le:47611:1:0@0      s^w^man*t^p^le_homme:111273:1:0@0       s^w^man*t^w^le:75248:1:0@0
1.728843 2.457685            2            2.0   2.0000   0.4323       16
0.116008
        Constant:116060:1:0.116008@13.8307
0.680183
        s^w^man:31316:1:0.116008@13.8307        t^w^homme:25913:1:0.116008@13.8307      Constant:116060:1:0.116008@13.8307      s^w^man*t^w^homme:63237:1:0.116008@13.8307      t^p^un_homme:68438:1:0.0540374@4        t^w^un:149058:1:0.0540374@4     s^w^man*t^p^un_homme:104810:1:0.0540374@4       s^w^man*t^w^un:185470:1:0.0540374@4     s^p^a_man:235860:1:0@0 s^w^a:204777:1:0@0       s^p^a_man*t^p^un_homme:218218:1:0@0     s^p^a_man*t^w^un:6526:1:0@0     s^p^a_man*t^w^homme:145925:1:0@0        s^w^a*t^p^un_homme:143517:1:0@0 s^w^a*t^w^un:97673:1:0@0        s^w^a*t^w^homme:220914:1:0@0
1.186656 0.102283            4            4.0   1.0000   0.6802       16
0.906079
        s^w^man:31316:1:0.121372@14.2399        t^w^homme:25913:1:0.121372@14.2399      Constant:116060:1:0.121372@14.2399      s^w^man*t^w^homme:63237:1:0.121372@14.2399      t^p^le_homme:73877:1:0.0735071@9.83074  t^w^le:112588:1:0.0735071@9.83074       s^w^man*t^p^le_homme:111273:1:0.0735071@9.83074 s^w^man*t^w^le:75248:1:0.0735071@9.83074        s^p^a_man:235860:1:0.031641@0.40913     s^w^a:204777:1:0.031641@0.40913 s^p^a_man*t^w^homme:145925:1:0.031641@0.40913   s^w^a*t^w^homme:220914:1:0.031641@0.40913       s^p^a_man*t^p^le_homme:229289:1:0@0     s^p^a_man*t^w^le:256240:1:0@0   s^w^a*t^p^le_homme:138078:1:0@0 s^w^a*t^w^le:166919:1:0@0
0.155292
        Constant:116060:1:0.155292@19.0265
1.556054
        :31316:1:0.155292@19.0265       :25913:1:0.155292@19.0265       Constant:116060:1:0.155292@19.0265      :63237:1:0.155292@19.0265       :3563:1:0.116008@13.8307        :145229:1:0.116008@13.8307      :101832:1:0.116008@13.8307     :92942:1:0.116008@13.8307        :68438:1:0.0636757@4.40913      :149058:1:0.0636757@4.40913     :104810:1:0.0636757@4.40913     :185470:1:0.0636757@4.40913     :58279:1:0.0540374@4    :241331:1:0.0540374@4   :1377:1:0.0540374@4     :215157:1:0.0540374@4
1.680927
        :31316:1:0.138263@20.2633       :25913:1:0.138263@20.2633       Constant:116060:1:0.138263@20.2633      :63237:1:0.138263@20.2633       :73877:1:0.1122@14.6174 :112588:1:0.1122@14.6174        :111273:1:0.1122@14.6174        :75248:1:0.1122@14.6174 :3563:1:0.0962617@15.0675       :145229:1:0.0962617@15.0675     :101832:1:0.0962617@15.0675     :92942:1:0.0962617@15.0675      :51300:1:0.0735071@9.83074      :24381:1:0.0735071@9.83074      :11938:1:0.0735071@9.83074     :47611:1:0.0735071@9.83074
 unknown  unknown            8            8.0   2.0000   1.6809       16 h
0.149151
        Constant:116060:1:0.149151@20.6705
1.234996
        :31316:1:0.149151@20.6705       :25913:1:0.149151@20.6705       Constant:116060:1:0.149151@20.6705      :63237:1:0.149151@20.6705       :235860:1:0.0965379@5.19578     :204777:1:0.0965379@5.19578     :145925:1:0.0965379@5.19578    :220914:1:0.0965379@5.19578      :218218:1:0.031641@0.40913      :6526:1:0.031641@0.40913        :143517:1:0.031641@0.40913      :97673:1:0.031641@0.40913       :68438:1:0.0314194@5.64592      :149058:1:0.0314194@5.64592     :104810:1:0.0314194@5.64592     :185470:1:0.0314194@5.64592
1.693874
        :31316:1:0.144158@20.8914       :25913:1:0.144158@20.8914       Constant:116060:1:0.144158@20.8914      :63237:1:0.144158@20.8914       :73877:1:0.124966@15.0246       :112588:1:0.124966@15.0246      :111273:1:0.124966@15.0246     :75248:1:0.124966@15.0246        :235860:1:0.0867298@5.41668     :204777:1:0.0867298@5.41668     :145925:1:0.0867298@5.41668     :220914:1:0.0867298@5.41668     :229289:1:0.0676149@4.78665     :256240:1:0.0676149@4.78665     :138078:1:0.0676149@4.78665     :166919:1:0.0676149@4.78665
0.153343
        Constant:116060:1:0.153343@21.2663
1.218892
        :31316:1:0.153343@21.2663       :25913:1:0.153343@21.2663       Constant:116060:1:0.153343@21.2663      :63237:1:0.153343@21.2663       :3563:1:0.108844@15.4748        :145229:1:0.108844@15.4748      :101832:1:0.108844@15.4748     :92942:1:0.108844@15.4748        :68438:1:0.0219944@5.86681      :149058:1:0.0219944@5.86681     :104810:1:0.0219944@5.86681     :185470:1:0.0219944@5.86681     :58279:1:0.0205414@5.23679      :241331:1:0.0205414@5.23679     :1377:1:0.0205414@5.23679       :215157:1:0.0205414@5.23679
1.890405
        :31316:1:0.146744@21.4579       :25913:1:0.146744@21.4579       Constant:116060:1:0.146744@21.4579      :63237:1:0.146744@21.4579       :73877:1:0.135763@15.3995       :112588:1:0.135763@15.3995      :111273:1:0.135763@15.3995     :75248:1:0.135763@15.3995        :3563:1:0.10112@15.6664 :145229:1:0.10112@15.6664       :101832:1:0.10112@15.6664      :92942:1:0.10112@15.6664 :51300:1:0.0889744@10.238       :24381:1:0.0889744@10.238       :11938:1:0.0889744@10.238      :47611:1:0.0889744@10.238
0.150426
        Constant:116060:1:0.150426@21.506
1.068874
        :31316:1:0.150426@21.506        :25913:1:0.150426@21.506        Constant:116060:1:0.150426@21.506       :63237:1:0.150426@21.506        :235860:1:0.104335@5.79153      :204777:1:0.104335@5.79153      :145925:1:0.104335@5.79153     :220914:1:0.104335@5.79153       :68438:1:0.00957202@6.05846     :149058:1:0.00957202@6.05846    :104810:1:0.00957202@6.05846    :185470:1:0.00957202@6.05846    :218218:1:0.00288532@0.630024   :6526:1:0.00288532@0.630024     :143517:1:0.00288532@0.630024   :97673:1:0.00288532@0.630024
 unknown  unknown           16           16.0   1.0000   1.0689       16 h
1.907411
        :31316:1:0.148963@21.525        :25913:1:0.148963@21.525        Constant:116060:1:0.148963@21.525       :63237:1:0.148963@21.525        :73877:1:0.140107@15.4475       :112588:1:0.140107@15.4475      :111273:1:0.140107@15.4475     :75248:1:0.140107@15.4475        :235860:1:0.10152@5.8105        :204777:1:0.10152@5.8105        :145925:1:0.10152@5.8105:220914:1:0.10152@5.8105        :229289:1:0.0862626@5.16151     :256240:1:0.0862626@5.16151     :138078:1:0.0862626@5.16151     :166919:1:0.0862626@5.16151
0.151729
        Constant:116060:1:0.151729@21.5592
1.085574
        :31316:1:0.151729@21.5592       :25913:1:0.151729@21.5592       Constant:116060:1:0.151729@21.5592      :63237:1:0.151729@21.5592       :3563:1:0.105428@15.7145        :145229:1:0.105428@15.7145      :101832:1:0.105428@15.7145     :92942:1:0.105428@15.7145        :58279:1:0.00741736@5.42844     :241331:1:0.00741736@5.42844    :1377:1:0.00741736@5.42844      :215157:1:0.00741736@5.42844    :68438:1:0.00681917@6.07744     :149058:1:0.00681917@6.07744    :104810:1:0.00681917@6.07744    :185470:1:0.00681917@6.07744
1.956929
        :31316:1:0.149152@21.5885       :25913:1:0.149152@21.5885       Constant:116060:1:0.149152@21.5885      :63237:1:0.149152@21.5885       :73877:1:0.14337@15.4818        :112588:1:0.14337@15.4818       :111273:1:0.14337@15.4818      :75248:1:0.14337@15.4818 :3563:1:0.10241@15.7437 :145229:1:0.10241@15.7437       :101832:1:0.10241@15.7437       :92942:1:0.10241@15.7437        :51300:1:0.0942988@10.286       :24381:1:0.0942988@10.286       :11938:1:0.0942988@10.286      :47611:1:0.0942988@10.286
0.150597
        Constant:116060:1:0.150597@21.596
1.015465
        :31316:1:0.150597@21.596        :25913:1:0.150597@21.596        Constant:116060:1:0.150597@21.596       :63237:1:0.150597@21.596        :235860:1:0.106832@5.8448       :204777:1:0.106832@5.8448       :145925:1:0.106832@5.8448      :220914:1:0.106832@5.8448        :218218:1:-0.0055368@0.648998   :6526:1:-0.0055368@0.648998     :143517:1:-0.0055368@0.648998   :97673:1:-0.0055368@0.648998    :68438:1:0.0019745@6.10673      :149058:1:0.0019745@6.10673     :104810:1:0.0019745@6.10673     :185470:1:0.0019745@6.10673
1.973768
        :31316:1:0.150269@21.5969       :25913:1:0.150269@21.5969       Constant:116060:1:0.150269@21.5969      :63237:1:0.150269@21.5969       :73877:1:0.145076@15.4892       :112588:1:0.145076@15.4892      :111273:1:0.145076@15.4892     :75248:1:0.145076@15.4892        :235860:1:0.106201@5.84575      :204777:1:0.106201@5.84575      :145925:1:0.106201@5.84575      :220914:1:0.106201@5.84575      :229289:1:0.0918961@5.1958      :256240:1:0.0918961@5.1958      :138078:1:0.0918961@5.1958      :166919:1:0.0918961@5.1958
0.151052
        Constant:116060:1:0.151052@21.5997

finished run
number of examples per pass = 6
passes used = 4
weighted example sum = 24.000000
weighted label sum = 24.000000
average loss = undefined (no holdout)
best constant = 1.500000
best constant's loss = 0.250000
total feature number = 264