final_regressor = models/cover_e_dec.model
warning: currently, mtr is only used for the first policy in cover, other policies use dr
Num weight bits = 18
learning rate = 0.5
initial_t = 0
power_t = 0.5
using no cache
Reading datafile = train-sets/cb_explore_cover.dat
num sources = 1
Enabled reductions: gd, scorer, csoaa_ldf, cb_adf, cb_explore_adf_cover, shared_feature_merger, cb_to_cbadf
average  since         example        example  current  current  current
loss     last          counter         weight    label  predict features
0.000000 0.000000            1            1.0    known        1        3
0.000000 0.000000            2            2.0    known        1        3
1.000000 2.000000            4            4.0    known        1        3
1.000000 1.000000            8            8.0    known        2        3

finished run
number of examples = 8
weighted example sum = 8.000000
weighted label sum = 0.000000
average loss = 1.000000
total feature number = 25
