tree initiazliation is done....
max nodes 10
tree size: 1
max number of unique labels: 2
learn at leaf: 1
num of dream operations per example: 3
current_pass: 0
oas: 0
memory_tree: max_nodes = 10 max_leaf_examples = 33 alpha = 0.1 oas = 0 online =0 
Num weight bits = 29
learning rate = 0.001
initial_t = 0
power_t = 0.5
decay_learning_rate = 1
using cache_file = train-sets/rcv1_small.dat.cache
ignoring text input in favor of cache input
num sources = 1
average  since         example        example  current  current  current
loss     last          counter         weight    label  predict features
    n.a.     n.a.            1            1.0  unknown        0      128
    n.a.     n.a.            2            2.0  unknown        0       44
1.000000 1.000000            4            4.0  unknown        1      190
0.333333 0.000000            8            8.0        1        1       34
0.142857 0.000000           16           16.0        1        1       43
0.071429 0.000000           32           32.0  unknown        1       47
0.037037 0.000000           64           64.0        1        1       54
depth 1
0.017241 0.000000          128          128.0  unknown        1       67
depth 2
0.008850 0.000000          256          256.0        1        1       86
depth 3
0.004630 0.000000          512          512.0  unknown        1      104
######### Current Pass: 1, with number of memories strored so far: 459
0.002128 0.000000         1024         1024.0  unknown        1       58
######### Current Pass: 2, with number of memories strored so far: 459
0.001066 0.000000         2048         2048.0  unknown        1      144
######### Current Pass: 3, with number of memories strored so far: 459

finished run
number of examples per pass = 1000
passes used = 3
weighted example sum = 3000.000000
weighted label sum = 0.000000
average loss = 0.000726
total feature number = 236217