Num weight bits = 18
learning rate = 0.5
initial_t = 0
power_t = 0.5
using no cache
Reading datafile = train-sets/explore_eval.dat
num sources = 1
Enabled reductions: gd, scorer, csoaa_ldf, cb_adf, cb_explore_adf_greedy, shared_feature_merger, explore_eval
average  since         example        example  current  current  current
loss     last          counter         weight    label  predict features
2.500000 2.500000            1            1.0    known        0:0.25...        8
2.500000 2.500000            2            2.0    known        0:0.25...        8
1.250000 0.000000            4            4.0    known        0:0.25...        8

finished run
number of examples = 5
weighted example sum = 5.000000
weighted label sum = 0.000000
average loss = 0.500000
total feature number = 40
update count = 5
violation count = 5
final multiplier = 0.400000
