[info] Generating 2-grams for all namespaces.
creating quadratic features for pairs: :: 
WARNING: any duplicate namespace interactions will be removed
You can use --leave_duplicate_interactions to disable this behaviour.
final_regressor = hash_seed5.model
Num weight bits = 18
learning rate = 0.5
initial_t = 0
power_t = 0.5
decay_learning_rate = 1
creating cache_file = train-sets/rcv1_mini.dat.cache
Reading datafile = train-sets/rcv1_mini.dat
num sources = 1
Enabled reductions: gd, generate_interactions, scorer
average  since         example        example  current  current  current
loss     last          counter         weight    label  predict features
1.000000 1.000000            1            1.0  -1.0000   0.0000    32385
0.747403 0.494806            2            2.0  -1.0000  -0.2966     3741
0.772947 0.798491            4            4.0  -1.0000  -1.0000    71631
1.622785 2.472622            8            8.0   1.0000  -0.1378     2211
1.372143 1.121502           16           16.0   1.0000   0.7096     3570
1.483527 1.594911           32           32.0  -1.0000  -0.0765     4278
1.323185 1.162843           64           64.0   1.0000   0.0982     5671
1.230192 1.137199          128          128.0  -1.0000   0.0846     8778
1.093886 0.957580          256          256.0  -1.0000  -0.9720    38781

finished run
number of examples per pass = 250
passes used = 2
weighted example sum = 500.000000
weighted label sum = -60.000000
average loss = 0.638043
best constant = -0.120000
best constant's loss = 0.985600
total feature number = 8353018
