predictions = cb_adf_dr.predict
Num weight bits = 18
learning rate = 0.5
initial_t = 0
power_t = 0.5
using no cache
Reading datafile = train-sets/cb_test.ldf
num sources = 1
