Num weight bits = 18
learning rate = 0.5
initial_t = 0
power_t = 0.5
using no cache
Reading datafile = test/train-sets/malformed.dat
num sources = 1
average  since         example        example  current  current  current
loss     last          counter         weight    label  predict features
vw: example #0malformed example! '|',space, or EOL expected after : "| x:0.7"in Example #0: "| x:0.7"

vw: malformed example! '|',space, or EOL expected after : "| x:0.7"in Example #0: "| x:0.7"

