[info] Generating 2-grams for all namespaces.
[info] Generating 4-skips for all namespaces.
predictions = rcv1_raw_cb_explore.preds
Num weight bits = 24
learning rate = 0.25
initial_t = 0
power_t = 0.5
using no cache
Reading datafile = train-sets/rcv1_raw_cb_small.vw
num sources = 1
Enabled reductions: gd, scorer, csoaa_ldf, cb_adf, cb_explore_adf_greedy, shared_feature_merger, cb_to_cbadf
average  since         example        example  current  current  current
loss     last          counter         weight    label  predict features
1.000000 1.000000            1            1.0    known        0:0.5...      560
0.500000 0.000000            2            2.0    known        1:0.975...     1196
0.250000 0.000000            4            4.0    known        1:0.975...     1568
0.131250 0.012500            8            8.0    known        1:0.975...     1700
0.559375 0.987500           16           16.0    known        1:0.975...      236
0.378125 0.196875           32           32.0    known        0:0.975...      332
0.351562 0.325000           64           64.0    known        0:0.975...      680
0.259766 0.167969          128          128.0    known        1:0.975...     1220
0.223828 0.187891          256          256.0    known        1:0.975...     1424
0.228125 0.232422          512          512.0    known        0:0.975...      848

finished run
number of examples = 1000
weighted example sum = 1000.000000
weighted label sum = 0.000000
average loss = 0.175850
total feature number = 880040
