[info] Generating 2-grams for all namespaces.
[info] Generating 4-skips for all namespaces.
Num weight bits = 24
learning rate = 0.25
initial_t = 0
power_t = 0.5
using no cache
Reading datafile = train-sets/rcv1_raw_cb_small.vw
num sources = 1
Enabled reductions: gd, scorer, csoaa_ldf, cb_adf, shared_feature_merger, cb_to_cbadf
average  since         example        example  current  current  current
loss     last          counter         weight    label  predict features
2.000000 2.000000            1            1.0    known        0:0...      560
1.000000 0.000000            2            2.0    known        1:0...     1196
0.500000 0.000000            4            4.0    known        1:0...     1568
0.250000 0.000000            8            8.0    known        1:0...     1700
0.620249 0.990498           16           16.0    known        1:0.0687389...      236
0.325997 0.031745           32           32.0    known        0:0.0662017...      332
0.312968 0.299939           64           64.0    known        0:0.138154...      680
0.250425 0.187883          128          128.0    known        1:0.315127...     1220
0.210062 0.169699          256          256.0    known        1:0.59659...     1424
0.187283 0.164505          512          512.0    known        0:0.296961...      848

finished run
number of examples = 1000
weighted example sum = 1000.000000
weighted label sum = 0.000000
average loss = 0.130357
total feature number = 880040
