[info] Generating 2-grams for all namespaces.
[info] Generating 4-skips for all namespaces.
Num weight bits = 24
learning rate = 0.125
initial_t = 0
power_t = 0.5
using no cache
Reading datafile = train-sets/rcv1_raw_cb_small.vw
num sources = 1
Enabled reductions: gd, scorer, csoaa_ldf, cb_adf, shared_feature_merger, cb_to_cbadf
average  since         example        example  current  current  current
loss     last          counter         weight    label  predict features
2.000000 2.000000            1            1.0    known        0:0...      560
1.000000 0.000000            2            2.0    known        1:0...     1196
0.500000 0.000000            4            4.0    known        1:0...     1568
0.250000 0.000000            8            8.0    known        1:0...     1700
0.500000 0.750000           16           16.0    known        1:0.0665352...      236
0.312500 0.125000           32           32.0    known        0:0.0508454...      332
0.375000 0.437500           64           64.0    known        0:0.132269...      680
0.328125 0.281250          128          128.0    known        0:0.235331...     1220
0.265625 0.203125          256          256.0    known        1:0.53857...     1424
0.246094 0.226562          512          512.0    known        0:0.203191...      848

finished run
number of examples = 1000
weighted example sum = 1000.000000
weighted label sum = 0.000000
average loss = 0.196000
total feature number = 880040
