Generating 2-grams for all namespaces.
Generating 4-skips for all namespaces.
only testing
Num weight bits = 24
learning rate = 0.5
initial_t = 0
power_t = 0.5
using no cache
Reading datafile = train-sets/rcv1_raw_cb_small.vw
num sources = 1
Enabled reductions: gd, scorer, csoaa_ldf, cb_adf, shared_feature_merger, cb_to_cbadf
average  since         example        example  current  current  current
loss     last          counter         weight    label  predict features
0.000000 0.000000            1            1.0    known        2      280
0.000000 0.000000            2            2.0    known        1      598
0.000000 0.000000            4            4.0    known        1      784
0.000000 0.000000            8            8.0    known        1      850
0.000000 0.000000           16           16.0    known        2      118
0.000000 0.000000           32           32.0    known        1      166
0.000000 0.000000           64           64.0    known        1      340
0.000000 0.000000          128          128.0    known        2      610
0.000000 0.000000          256          256.0    known        1      712
0.000000 0.000000          512          512.0    known        1      424

finished run
number of examples = 1000
weighted example sum = 1000.000000
weighted label sum = 0.000000
average loss = 0.000000
total feature number = 440020
