Num weight bits = 18
learning rate = 0.5
initial_t = 0
power_t = 0.5
using no cache
Reading datafile = train-sets/rcv1_multiclass.dat
num sources = 1
Enabled reductions: gd, scorer, csoaa_ldf, cb_adf, cb_explore_adf_greedy, shared_feature_merger, cbify, cb_to_cbadf
average  since         example        example  current  current  current
loss     last          counter         weight    label  predict features
1.000000 1.000000            1            1.0        2        1      128
0.500000 0.000000            2            2.0        2        2       44
0.500000 0.500000            4            4.0        2        2      190
0.375000 0.250000            8            8.0        1        1       34
0.375000 0.375000           16           16.0        1        1       43
0.375000 0.375000           32           32.0        2        1       47
0.328125 0.281250           64           64.0        1        1       54
0.289062 0.250000          128          128.0        2        2       67
0.257812 0.226562          256          256.0        1        1       86
0.218750 0.179688          512          512.0        2        2      104

finished run
number of examples = 1000
weighted example sum = 1000.000000
weighted label sum = 0.000000
average loss = 0.192000
total feature number = 78739
