Num weight bits = 18
learning rate = 0.5
initial_t = 0
power_t = 0.5
decay_learning_rate = 1
creating cache_file = train-sets/multiclass.cache
Reading datafile = train-sets/multiclass
num sources = 1
average  since         example        example  current  current  current
loss     last          counter         weight    label  predict features
0.000000 0.000000            1            1.0        1        1        2
0.500000 1.000000            2            2.0        2        1        2
0.750000 1.000000            4            4.0        4        1        2
0.875000 1.000000            8            8.0        8        1        2
0.600000 0.285714           16           16.0        5        5        2
0.300000 0.000000           32           32.0       10       10        2
0.152542 0.000000           64           64.0        9        9        2
0.076271 0.000000          128          128.0        8        8        2
0.038298 0.000000          256          256.0        5        5        2
0.019149 0.000000          512          512.0       10       10        2
0.009574 0.000000         1024         1024.0       10       10        2

finished run
number of examples per pass = 109
passes used = 10
weighted example sum = 1090.000000
weighted label sum = 0.000000
average loss = 0.009000
total feature number = 2090
